// Jest Snapshot v1, https://goo.gl/fbAQLP

exports[`render correctly 1`] = `
<div
  className="ChatMessageList-messagesWrapper-3"
>
  ChatMessage
</div>
`;
